// Jest Snapshot v1, https://goo.gl/fbAQLP

exports[`Wrapped component renders correctly 1`] = `<div />`;
